INFO:     Will watch for changes in these directories: ['C:\\Users\\Adithya\\Desktop\\demo1\\pos_1st_cut\\gusto_pos\\backend']
INFO:     Uvicorn running on http://0.0.0.0:8000 (Press CTRL+C to quit)
INFO:     Started reloader process [37372] using WatchFiles
INFO:     Started server process [34964]
INFO:     Waiting for application startup.
2026-07-14 16:08:09,702 INFO sqlalchemy.engine.Engine select pg_catalog.version()
2026-07-14 16:08:09,703 INFO sqlalchemy.engine.Engine [raw sql] ()
2026-07-14 16:08:10,521 INFO sqlalchemy.engine.Engine select current_schema()
2026-07-14 16:08:10,521 INFO sqlalchemy.engine.Engine [raw sql] ()
2026-07-14 16:08:11,031 INFO sqlalchemy.engine.Engine show standard_conforming_strings
2026-07-14 16:08:11,031 INFO sqlalchemy.engine.Engine [raw sql] ()
2026-07-14 16:08:11,353 INFO sqlalchemy.engine.Engine BEGIN (implicit)
2026-07-14 16:08:11,441 INFO sqlalchemy.engine.Engine SELECT roles.id, roles.name, roles.permissions, roles.created_at 
FROM roles
2026-07-14 16:08:11,441 INFO sqlalchemy.engine.Engine [generated in 0.00038s] ()
2026-07-14 16:08:12,171 INFO sqlalchemy.engine.Engine SELECT roles_1.id AS roles_1_id, users.username AS users_username, users.hashed_password AS users_hashed_password, users.is_active AS users_is_active, users.outlet_id AS users_outlet_id, users.id AS users_id, users.created_at AS users_created_at 
FROM roles AS roles_1 JOIN user_roles AS user_roles_1 ON roles_1.id = user_roles_1.role_id JOIN users ON users.id = user_roles_1.user_id 
WHERE roles_1.id IN ($1::INTEGER, $2::INTEGER, $3::INTEGER)
2026-07-14 16:08:12,171 INFO sqlalchemy.engine.Engine [generated in 0.00051s] (1, 2, 3)
2026-07-14 16:08:12,344 INFO sqlalchemy.engine.Engine SELECT audit_logs.user_id AS audit_logs_user_id, audit_logs.action AS audit_logs_action, audit_logs.table_name AS audit_logs_table_name, audit_logs.ref_id AS audit_logs_ref_id, audit_logs.id AS audit_logs_id, audit_logs.created_at AS audit_logs_created_at 
FROM audit_logs 
WHERE audit_logs.user_id IN ($1::UUID)
2026-07-14 16:08:12,344 INFO sqlalchemy.engine.Engine [generated in 0.00030s] (UUID('75ea478b-505a-4855-bb11-d31dfaf890a9'),)
2026-07-14 16:08:12,666 INFO sqlalchemy.engine.Engine SELECT outlets.id AS outlets_id, outlets.location_name AS outlets_location_name, outlets.city AS outlets_city, outlets.latitude AS outlets_latitude, outlets.longitude AS outlets_longitude, outlets.geofence_radius_meters AS outlets_geofence_radius_meters, outlets.organization_id AS outlets_organization_id, outlets.created_at AS outlets_created_at 
FROM outlets 
WHERE outlets.id IN ($1::UUID)
2026-07-14 16:08:12,666 INFO sqlalchemy.engine.Engine [generated in 0.00067s] (UUID('0b8a8349-6144-41a8-b028-b9089bd8eaea'),)
2026-07-14 16:08:12,870 INFO sqlalchemy.engine.Engine SELECT inventory.outlet_id AS inventory_outlet_id, inventory.product_id AS inventory_product_id, inventory.current_stock AS inventory_current_stock, inventory.last_updated AS inventory_last_updated, inventory.id AS inventory_id, inventory.created_at AS inventory_created_at 
FROM inventory 
WHERE inventory.outlet_id IN ($1::UUID)
2026-07-14 16:08:12,870 INFO sqlalchemy.engine.Engine [generated in 0.00044s] (UUID('0b8a8349-6144-41a8-b028-b9089bd8eaea'),)
2026-07-14 16:08:13,160 INFO sqlalchemy.engine.Engine SELECT tables.outlet_id AS tables_outlet_id, tables.table_number AS tables_table_number, tables.status AS tables_status, tables.id AS tables_id, tables.created_at AS tables_created_at 
FROM tables 
WHERE tables.outlet_id IN ($1::UUID)
2026-07-14 16:08:13,160 INFO sqlalchemy.engine.Engine [generated in 0.00036s] (UUID('0b8a8349-6144-41a8-b028-b9089bd8eaea'),)
2026-07-14 16:08:13,304 INFO sqlalchemy.engine.Engine SELECT organizations.id AS organizations_id, organizations.name AS organizations_name, organizations.gst_number AS organizations_gst_number, organizations.created_at AS organizations_created_at 
FROM organizations 
WHERE organizations.id IN ($1::UUID)
2026-07-14 16:08:13,305 INFO sqlalchemy.engine.Engine [generated in 0.00036s] (UUID('1530726e-f790-47ce-8eab-103b3e5faf8c'),)
2026-07-14 16:08:13,502 INFO sqlalchemy.engine.Engine SELECT menus.outlet_id AS menus_outlet_id, menus.version_label AS menus_version_label, menus.is_latest AS menus_is_latest, menus.id AS menus_id, menus.created_at AS menus_created_at 
FROM menus 
WHERE menus.outlet_id IN ($1::UUID)
2026-07-14 16:08:13,502 INFO sqlalchemy.engine.Engine [generated in 0.00028s] (UUID('0b8a8349-6144-41a8-b028-b9089bd8eaea'),)
2026-07-14 16:08:13,688 INFO sqlalchemy.engine.Engine SELECT orders.outlet_id AS orders_outlet_id, orders.readable_id AS orders_readable_id, orders.table_id AS orders_table_id, orders.customer_id AS orders_customer_id, orders.total_amount AS orders_total_amount, orders.order_status AS orders_order_status, orders.id AS orders_id, orders.created_at AS orders_created_at 
FROM orders 
WHERE orders.outlet_id IN ($1::UUID)
2026-07-14 16:08:13,688 INFO sqlalchemy.engine.Engine [generated in 0.00030s] (UUID('0b8a8349-6144-41a8-b028-b9089bd8eaea'),)
2026-07-14 16:08:13,895 INFO sqlalchemy.engine.Engine SELECT products.organization_id AS products_organization_id, products.sku AS products_sku, products.name AS products_name, products.stock_qty AS products_stock_qty, products.unit AS products_unit, products.id AS products_id, products.created_at AS products_created_at 
FROM products 
WHERE products.organization_id IN ($1::UUID)
2026-07-14 16:08:13,895 INFO sqlalchemy.engine.Engine [generated in 0.00039s] (UUID('1530726e-f790-47ce-8eab-103b3e5faf8c'),)
2026-07-14 16:08:14,115 INFO sqlalchemy.engine.Engine SELECT customers.organization_id AS customers_organization_id, customers.name AS customers_name, customers.phone_number AS customers_phone_number, customers.id AS customers_id, customers.created_at AS customers_created_at 
FROM customers 
WHERE customers.organization_id IN ($1::UUID)
2026-07-14 16:08:14,116 INFO sqlalchemy.engine.Engine [generated in 0.00035s] (UUID('1530726e-f790-47ce-8eab-103b3e5faf8c'),)
2026-07-14 16:08:14,425 INFO sqlalchemy.engine.Engine SELECT categories.menu_id AS categories_menu_id, categories.name AS categories_name, categories.id AS categories_id, categories.created_at AS categories_created_at 
FROM categories 
WHERE categories.menu_id IN ($1::UUID)
2026-07-14 16:08:14,426 INFO sqlalchemy.engine.Engine [generated in 0.00034s] (UUID('1cde6491-e17a-45be-91e1-e905bcce7732'),)
2026-07-14 16:08:14,629 INFO sqlalchemy.engine.Engine SELECT menu_items.category_id AS menu_items_category_id, menu_items.name AS menu_items_name, menu_items.short_code AS menu_items_short_code, menu_items.base_price AS menu_items_base_price, menu_items.is_veg AS menu_items_is_veg, menu_items.is_active AS menu_items_is_active, menu_items.id AS menu_items_id, menu_items.created_at AS menu_items_created_at 
FROM menu_items 
WHERE menu_items.category_id IN ($1::UUID, $2::UUID, $3::UUID)
2026-07-14 16:08:14,629 INFO sqlalchemy.engine.Engine [generated in 0.00029s] (UUID('5dc8f155-d923-497d-b014-7bd8ecd610f2'), UUID('cc8e6741-ae54-4886-a0b6-df301aacd1cb'), UUID('f294cf27-1278-4950-b799-73fb6171079e'))
2026-07-14 16:08:15,036 INFO sqlalchemy.engine.Engine SELECT menu_history.menu_item_id AS menu_history_menu_item_id, menu_history.id AS menu_history_id, menu_history.item_name AS menu_history_item_name, menu_history.old_price AS menu_history_old_price, menu_history.operation_type AS menu_history_operation_type, menu_history.changed_at AS menu_history_changed_at, menu_history.created_at AS menu_history_created_at 
FROM menu_history 
WHERE menu_history.menu_item_id IN ($1::UUID, $2::UUID, $3::UUID, $4::UUID, $5::UUID, $6::UUID)
2026-07-14 16:08:15,037 INFO sqlalchemy.engine.Engine [caching disabled (excess depth for ORM loader options) 0.00059s ] (UUID('7c3ca612-9a09-4ae7-921d-d060d878cccc'), UUID('50da5c82-cad4-446a-807c-44a35f92f434'), UUID('f85098df-7faa-4d2f-8e14-3a1753bd0fc6'), UUID('ed0529fb-b56c-4cd2-8791-1bebc160c02c'), UUID('7a85e039-0c52-414f-a48c-22ed88e73d1c'), UUID('2e9c47f8-18d1-4796-bf40-74750bbdc4cc'))
2026-07-14 16:08:15,239 INFO sqlalchemy.engine.Engine SELECT item_modifiers.menu_item_id AS item_modifiers_menu_item_id, item_modifiers.modifier_name AS item_modifiers_modifier_name, item_modifiers.extra_price AS item_modifiers_extra_price, item_modifiers.id AS item_modifiers_id, item_modifiers.created_at AS item_modifiers_created_at 
FROM item_modifiers 
WHERE item_modifiers.menu_item_id IN ($1::UUID, $2::UUID, $3::UUID, $4::UUID, $5::UUID, $6::UUID)
2026-07-14 16:08:15,239 INFO sqlalchemy.engine.Engine [caching disabled (excess depth for ORM loader options) 0.00028s ] (UUID('7c3ca612-9a09-4ae7-921d-d060d878cccc'), UUID('50da5c82-cad4-446a-807c-44a35f92f434'), UUID('f85098df-7faa-4d2f-8e14-3a1753bd0fc6'), UUID('ed0529fb-b56c-4cd2-8791-1bebc160c02c'), UUID('7a85e039-0c52-414f-a48c-22ed88e73d1c'), UUID('2e9c47f8-18d1-4796-bf40-74750bbdc4cc'))
2026-07-14 16:08:15,514 INFO sqlalchemy.engine.Engine ROLLBACK
INFO:     Application startup complete.
WARNING:  WatchFiles detected changes in 'app\modules\orders\service.py'. Reloading...
 INFO:     Shutting down
INFO:     Waiting for application shutdown.
INFO:     Application shutdown complete.
INFO:     Finished server process [34964]
INFO:     Started server process [31476]
INFO:     Waiting for application startup.
2026-07-14 16:12:10,063 INFO sqlalchemy.engine.Engine select pg_catalog.version()
2026-07-14 16:12:10,063 INFO sqlalchemy.engine.Engine [raw sql] ()
2026-07-14 16:12:10,186 INFO sqlalchemy.engine.Engine select current_schema()
2026-07-14 16:12:10,187 INFO sqlalchemy.engine.Engine [raw sql] ()
2026-07-14 16:12:10,379 INFO sqlalchemy.engine.Engine show standard_conforming_strings
2026-07-14 16:12:10,379 INFO sqlalchemy.engine.Engine [raw sql] ()
2026-07-14 16:12:10,524 INFO sqlalchemy.engine.Engine BEGIN (implicit)
2026-07-14 16:12:10,592 INFO sqlalchemy.engine.Engine SELECT roles.id, roles.name, roles.permissions, roles.created_at 
FROM roles
2026-07-14 16:12:10,592 INFO sqlalchemy.engine.Engine [generated in 0.00032s] ()
2026-07-14 16:12:10,728 INFO sqlalchemy.engine.Engine SELECT roles_1.id AS roles_1_id, users.username AS users_username, users.hashed_password AS users_hashed_password, users.is_active AS users_is_active, users.outlet_id AS users_outlet_id, users.id AS users_id, users.created_at AS users_created_at 
FROM roles AS roles_1 JOIN user_roles AS user_roles_1 ON roles_1.id = user_roles_1.role_id JOIN users ON users.id = user_roles_1.user_id 
WHERE roles_1.id IN ($1::INTEGER, $2::INTEGER, $3::INTEGER)
2026-07-14 16:12:10,728 INFO sqlalchemy.engine.Engine [generated in 0.00036s] (1, 2, 3)
2026-07-14 16:12:10,840 INFO sqlalchemy.engine.Engine SELECT audit_logs.user_id AS audit_logs_user_id, audit_logs.action AS audit_logs_action, audit_logs.table_name AS audit_logs_table_name, audit_logs.ref_id AS audit_logs_ref_id, audit_logs.id AS audit_logs_id, audit_logs.created_at AS audit_logs_created_at 
FROM audit_logs 
WHERE audit_logs.user_id IN ($1::UUID)
2026-07-14 16:12:10,840 INFO sqlalchemy.engine.Engine [generated in 0.00035s] (UUID('75ea478b-505a-4855-bb11-d31dfaf890a9'),)
2026-07-14 16:12:11,068 INFO sqlalchemy.engine.Engine SELECT outlets.id AS outlets_id, outlets.location_name AS outlets_location_name, outlets.city AS outlets_city, outlets.latitude AS outlets_latitude, outlets.longitude AS outlets_longitude, outlets.geofence_radius_meters AS outlets_geofence_radius_meters, outlets.organization_id AS outlets_organization_id, outlets.created_at AS outlets_created_at 
FROM outlets 
WHERE outlets.id IN ($1::UUID)
2026-07-14 16:12:11,068 INFO sqlalchemy.engine.Engine [generated in 0.00038s] (UUID('0b8a8349-6144-41a8-b028-b9089bd8eaea'),)
2026-07-14 16:12:11,160 INFO sqlalchemy.engine.Engine SELECT inventory.outlet_id AS inventory_outlet_id, inventory.product_id AS inventory_product_id, inventory.current_stock AS inventory_current_stock, inventory.last_updated AS inventory_last_updated, inventory.id AS inventory_id, inventory.created_at AS inventory_created_at 
FROM inventory 
WHERE inventory.outlet_id IN ($1::UUID)
2026-07-14 16:12:11,160 INFO sqlalchemy.engine.Engine [generated in 0.00039s] (UUID('0b8a8349-6144-41a8-b028-b9089bd8eaea'),)
2026-07-14 16:12:11,259 INFO sqlalchemy.engine.Engine SELECT tables.outlet_id AS tables_outlet_id, tables.table_number AS tables_table_number, tables.status AS tables_status, tables.id AS tables_id, tables.created_at AS tables_created_at 
FROM tables 
WHERE tables.outlet_id IN ($1::UUID)
2026-07-14 16:12:11,259 INFO sqlalchemy.engine.Engine [generated in 0.00030s] (UUID('0b8a8349-6144-41a8-b028-b9089bd8eaea'),)
2026-07-14 16:12:11,366 INFO sqlalchemy.engine.Engine SELECT organizations.id AS organizations_id, organizations.name AS organizations_name, organizations.gst_number AS organizations_gst_number, organizations.created_at AS organizations_created_at 
FROM organizations 
WHERE organizations.id IN ($1::UUID)
2026-07-14 16:12:11,366 INFO sqlalchemy.engine.Engine [generated in 0.00026s] (UUID('1530726e-f790-47ce-8eab-103b3e5faf8c'),)
2026-07-14 16:12:11,466 INFO sqlalchemy.engine.Engine SELECT menus.outlet_id AS menus_outlet_id, menus.version_label AS menus_version_label, menus.is_latest AS menus_is_latest, menus.id AS menus_id, menus.created_at AS menus_created_at 
FROM menus 
WHERE menus.outlet_id IN ($1::UUID)
2026-07-14 16:12:11,466 INFO sqlalchemy.engine.Engine [generated in 0.00032s] (UUID('0b8a8349-6144-41a8-b028-b9089bd8eaea'),)
2026-07-14 16:12:11,565 INFO sqlalchemy.engine.Engine SELECT orders.outlet_id AS orders_outlet_id, orders.readable_id AS orders_readable_id, orders.table_id AS orders_table_id, orders.customer_id AS orders_customer_id, orders.total_amount AS orders_total_amount, orders.order_status AS orders_order_status, orders.id AS orders_id, orders.created_at AS orders_created_at 
FROM orders 
WHERE orders.outlet_id IN ($1::UUID)
2026-07-14 16:12:11,565 INFO sqlalchemy.engine.Engine [generated in 0.00026s] (UUID('0b8a8349-6144-41a8-b028-b9089bd8eaea'),)
2026-07-14 16:12:11,662 INFO sqlalchemy.engine.Engine SELECT products.organization_id AS products_organization_id, products.sku AS products_sku, products.name AS products_name, products.stock_qty AS products_stock_qty, products.unit AS products_unit, products.id AS products_id, products.created_at AS products_created_at 
FROM products 
WHERE products.organization_id IN ($1::UUID)
2026-07-14 16:12:11,663 INFO sqlalchemy.engine.Engine [generated in 0.00034s] (UUID('1530726e-f790-47ce-8eab-103b3e5faf8c'),)
2026-07-14 16:12:11,768 INFO sqlalchemy.engine.Engine SELECT customers.organization_id AS customers_organization_id, customers.name AS customers_name, customers.phone_number AS customers_phone_number, customers.id AS customers_id, customers.created_at AS customers_created_at 
FROM customers 
WHERE customers.organization_id IN ($1::UUID)
2026-07-14 16:12:11,768 INFO sqlalchemy.engine.Engine [generated in 0.00024s] (UUID('1530726e-f790-47ce-8eab-103b3e5faf8c'),)
2026-07-14 16:12:11,876 INFO sqlalchemy.engine.Engine SELECT categories.menu_id AS categories_menu_id, categories.name AS categories_name, categories.id AS categories_id, categories.created_at AS categories_created_at 
FROM categories 
WHERE categories.menu_id IN ($1::UUID)
2026-07-14 16:12:11,876 INFO sqlalchemy.engine.Engine [generated in 0.00030s] (UUID('1cde6491-e17a-45be-91e1-e905bcce7732'),)
2026-07-14 16:12:11,970 INFO sqlalchemy.engine.Engine SELECT menu_items.category_id AS menu_items_category_id, menu_items.name AS menu_items_name, menu_items.short_code AS menu_items_short_code, menu_items.base_price AS menu_items_base_price, menu_items.is_veg AS menu_items_is_veg, menu_items.is_active AS menu_items_is_active, menu_items.id AS menu_items_id, menu_items.created_at AS menu_items_created_at 
FROM menu_items 
WHERE menu_items.category_id IN ($1::UUID, $2::UUID, $3::UUID)
2026-07-14 16:12:11,970 INFO sqlalchemy.engine.Engine [generated in 0.00031s] (UUID('5dc8f155-d923-497d-b014-7bd8ecd610f2'), UUID('cc8e6741-ae54-4886-a0b6-df301aacd1cb'), UUID('f294cf27-1278-4950-b799-73fb6171079e'))
2026-07-14 16:12:12,080 INFO sqlalchemy.engine.Engine SELECT menu_history.menu_item_id AS menu_history_menu_item_id, menu_history.id AS menu_history_id, menu_history.item_name AS menu_history_item_name, menu_history.old_price AS menu_history_old_price, menu_history.operation_type AS menu_history_operation_type, menu_history.changed_at AS menu_history_changed_at, menu_history.created_at AS menu_history_created_at 
FROM menu_history 
WHERE menu_history.menu_item_id IN ($1::UUID, $2::UUID, $3::UUID, $4::UUID, $5::UUID, $6::UUID)
2026-07-14 16:12:12,080 INFO sqlalchemy.engine.Engine [caching disabled (excess depth for ORM loader options) 0.00032s ] (UUID('7c3ca612-9a09-4ae7-921d-d060d878cccc'), UUID('50da5c82-cad4-446a-807c-44a35f92f434'), UUID('f85098df-7faa-4d2f-8e14-3a1753bd0fc6'), UUID('ed0529fb-b56c-4cd2-8791-1bebc160c02c'), UUID('7a85e039-0c52-414f-a48c-22ed88e73d1c'), UUID('2e9c47f8-18d1-4796-bf40-74750bbdc4cc'))
2026-07-14 16:12:12,184 INFO sqlalchemy.engine.Engine SELECT item_modifiers.menu_item_id AS item_modifiers_menu_item_id, item_modifiers.modifier_name AS item_modifiers_modifier_name, item_modifiers.extra_price AS item_modifiers_extra_price, item_modifiers.id AS item_modifiers_id, item_modifiers.created_at AS item_modifiers_created_at 
FROM item_modifiers 
WHERE item_modifiers.menu_item_id IN ($1::UUID, $2::UUID, $3::UUID, $4::UUID, $5::UUID, $6::UUID)
2026-07-14 16:12:12,185 INFO sqlalchemy.engine.Engine [caching disabled (excess depth for ORM loader options) 0.00030s ] (UUID('7c3ca612-9a09-4ae7-921d-d060d878cccc'), UUID('50da5c82-cad4-446a-807c-44a35f92f434'), UUID('f85098df-7faa-4d2f-8e14-3a1753bd0fc6'), UUID('ed0529fb-b56c-4cd2-8791-1bebc160c02c'), UUID('7a85e039-0c52-414f-a48c-22ed88e73d1c'), UUID('2e9c47f8-18d1-4796-bf40-74750bbdc4cc'))
2026-07-14 16:12:12,283 INFO sqlalchemy.engine.Engine ROLLBACK
INFO:     Application startup complete.
WARNING:  WatchFiles detected changes in 'gen_qr.py'. Reloading...
 INFO:     Shutting down
INFO:     Waiting for application shutdown.
INFO:     Application shutdown complete.
INFO:     Finished server process [31476]
INFO:     Started server process [12724]
INFO:     Waiting for application startup.
2026-07-14 16:21:10,263 INFO sqlalchemy.engine.Engine select pg_catalog.version()
2026-07-14 16:21:10,263 INFO sqlalchemy.engine.Engine [raw sql] ()
2026-07-14 16:21:10,447 INFO sqlalchemy.engine.Engine select current_schema()
2026-07-14 16:21:10,447 INFO sqlalchemy.engine.Engine [raw sql] ()
2026-07-14 16:21:10,699 INFO sqlalchemy.engine.Engine show standard_conforming_strings
2026-07-14 16:21:10,699 INFO sqlalchemy.engine.Engine [raw sql] ()
2026-07-14 16:21:10,901 INFO sqlalchemy.engine.Engine BEGIN (implicit)
2026-07-14 16:21:10,941 INFO sqlalchemy.engine.Engine SELECT roles.id, roles.name, roles.permissions, roles.created_at 
FROM roles
2026-07-14 16:21:10,941 INFO sqlalchemy.engine.Engine [generated in 0.00031s] ()
2026-07-14 16:21:11,142 INFO sqlalchemy.engine.Engine SELECT roles_1.id AS roles_1_id, users.username AS users_username, users.hashed_password AS users_hashed_password, users.is_active AS users_is_active, users.outlet_id AS users_outlet_id, users.id AS users_id, users.created_at AS users_created_at 
FROM roles AS roles_1 JOIN user_roles AS user_roles_1 ON roles_1.id = user_roles_1.role_id JOIN users ON users.id = user_roles_1.user_id 
WHERE roles_1.id IN ($1::INTEGER, $2::INTEGER, $3::INTEGER)
2026-07-14 16:21:11,142 INFO sqlalchemy.engine.Engine [generated in 0.00030s] (1, 2, 3)
2026-07-14 16:21:11,275 INFO sqlalchemy.engine.Engine SELECT audit_logs.user_id AS audit_logs_user_id, audit_logs.action AS audit_logs_action, audit_logs.table_name AS audit_logs_table_name, audit_logs.ref_id AS audit_logs_ref_id, audit_logs.id AS audit_logs_id, audit_logs.created_at AS audit_logs_created_at 
FROM audit_logs 
WHERE audit_logs.user_id IN ($1::UUID)
2026-07-14 16:21:11,275 INFO sqlalchemy.engine.Engine [generated in 0.00022s] (UUID('75ea478b-505a-4855-bb11-d31dfaf890a9'),)
2026-07-14 16:21:11,402 INFO sqlalchemy.engine.Engine SELECT outlets.id AS outlets_id, outlets.location_name AS outlets_location_name, outlets.city AS outlets_city, outlets.latitude AS outlets_latitude, outlets.longitude AS outlets_longitude, outlets.geofence_radius_meters AS outlets_geofence_radius_meters, outlets.organization_id AS outlets_organization_id, outlets.created_at AS outlets_created_at 
FROM outlets 
WHERE outlets.id IN ($1::UUID)
2026-07-14 16:21:11,402 INFO sqlalchemy.engine.Engine [generated in 0.00022s] (UUID('0b8a8349-6144-41a8-b028-b9089bd8eaea'),)
2026-07-14 16:21:11,533 INFO sqlalchemy.engine.Engine SELECT inventory.outlet_id AS inventory_outlet_id, inventory.product_id AS inventory_product_id, inventory.current_stock AS inventory_current_stock, inventory.last_updated AS inventory_last_updated, inventory.id AS inventory_id, inventory.created_at AS inventory_created_at 
FROM inventory 
WHERE inventory.outlet_id IN ($1::UUID)
2026-07-14 16:21:11,533 INFO sqlalchemy.engine.Engine [generated in 0.00053s] (UUID('0b8a8349-6144-41a8-b028-b9089bd8eaea'),)
2026-07-14 16:21:11,653 INFO sqlalchemy.engine.Engine SELECT tables.outlet_id AS tables_outlet_id, tables.table_number AS tables_table_number, tables.status AS tables_status, tables.id AS tables_id, tables.created_at AS tables_created_at 
FROM tables 
WHERE tables.outlet_id IN ($1::UUID)
2026-07-14 16:21:11,653 INFO sqlalchemy.engine.Engine [generated in 0.00040s] (UUID('0b8a8349-6144-41a8-b028-b9089bd8eaea'),)
2026-07-14 16:21:11,771 INFO sqlalchemy.engine.Engine SELECT organizations.id AS organizations_id, organizations.name AS organizations_name, organizations.gst_number AS organizations_gst_number, organizations.created_at AS organizations_created_at 
FROM organizations 
WHERE organizations.id IN ($1::UUID)
2026-07-14 16:21:11,771 INFO sqlalchemy.engine.Engine [generated in 0.00038s] (UUID('1530726e-f790-47ce-8eab-103b3e5faf8c'),)
2026-07-14 16:21:11,906 INFO sqlalchemy.engine.Engine SELECT menus.outlet_id AS menus_outlet_id, menus.version_label AS menus_version_label, menus.is_latest AS menus_is_latest, menus.id AS menus_id, menus.created_at AS menus_created_at 
FROM menus 
WHERE menus.outlet_id IN ($1::UUID)
2026-07-14 16:21:11,906 INFO sqlalchemy.engine.Engine [generated in 0.00029s] (UUID('0b8a8349-6144-41a8-b028-b9089bd8eaea'),)
2026-07-14 16:21:12,253 INFO sqlalchemy.engine.Engine SELECT orders.outlet_id AS orders_outlet_id, orders.readable_id AS orders_readable_id, orders.table_id AS orders_table_id, orders.customer_id AS orders_customer_id, orders.total_amount AS orders_total_amount, orders.order_status AS orders_order_status, orders.id AS orders_id, orders.created_at AS orders_created_at 
FROM orders 
WHERE orders.outlet_id IN ($1::UUID)
2026-07-14 16:21:12,253 INFO sqlalchemy.engine.Engine [generated in 0.00030s] (UUID('0b8a8349-6144-41a8-b028-b9089bd8eaea'),)
2026-07-14 16:21:12,417 INFO sqlalchemy.engine.Engine SELECT products.organization_id AS products_organization_id, products.sku AS products_sku, products.name AS products_name, products.stock_qty AS products_stock_qty, products.unit AS products_unit, products.id AS products_id, products.created_at AS products_created_at 
FROM products 
WHERE products.organization_id IN ($1::UUID)
2026-07-14 16:21:12,417 INFO sqlalchemy.engine.Engine [generated in 0.00028s] (UUID('1530726e-f790-47ce-8eab-103b3e5faf8c'),)
2026-07-14 16:21:12,537 INFO sqlalchemy.engine.Engine SELECT customers.organization_id AS customers_organization_id, customers.name AS customers_name, customers.phone_number AS customers_phone_number, customers.id AS customers_id, customers.created_at AS customers_created_at 
FROM customers 
WHERE customers.organization_id IN ($1::UUID)
2026-07-14 16:21:12,537 INFO sqlalchemy.engine.Engine [generated in 0.00025s] (UUID('1530726e-f790-47ce-8eab-103b3e5faf8c'),)
2026-07-14 16:21:12,775 INFO sqlalchemy.engine.Engine SELECT categories.menu_id AS categories_menu_id, categories.name AS categories_name, categories.id AS categories_id, categories.created_at AS categories_created_at 
FROM categories 
WHERE categories.menu_id IN ($1::UUID)
2026-07-14 16:21:12,775 INFO sqlalchemy.engine.Engine [generated in 0.00024s] (UUID('1cde6491-e17a-45be-91e1-e905bcce7732'),)
2026-07-14 16:21:13,132 INFO sqlalchemy.engine.Engine SELECT menu_items.category_id AS menu_items_category_id, menu_items.name AS menu_items_name, menu_items.short_code AS menu_items_short_code, menu_items.base_price AS menu_items_base_price, menu_items.is_veg AS menu_items_is_veg, menu_items.is_active AS menu_items_is_active, menu_items.id AS menu_items_id, menu_items.created_at AS menu_items_created_at 
FROM menu_items 
WHERE menu_items.category_id IN ($1::UUID, $2::UUID, $3::UUID)
2026-07-14 16:21:13,132 INFO sqlalchemy.engine.Engine [generated in 0.00030s] (UUID('5dc8f155-d923-497d-b014-7bd8ecd610f2'), UUID('cc8e6741-ae54-4886-a0b6-df301aacd1cb'), UUID('f294cf27-1278-4950-b799-73fb6171079e'))
2026-07-14 16:21:13,316 INFO sqlalchemy.engine.Engine SELECT menu_history.menu_item_id AS menu_history_menu_item_id, menu_history.id AS menu_history_id, menu_history.item_name AS menu_history_item_name, menu_history.old_price AS menu_history_old_price, menu_history.operation_type AS menu_history_operation_type, menu_history.changed_at AS menu_history_changed_at, menu_history.created_at AS menu_history_created_at 
FROM menu_history 
WHERE menu_history.menu_item_id IN ($1::UUID, $2::UUID, $3::UUID, $4::UUID, $5::UUID, $6::UUID)
2026-07-14 16:21:13,317 INFO sqlalchemy.engine.Engine [caching disabled (excess depth for ORM loader options) 0.00036s ] (UUID('7c3ca612-9a09-4ae7-921d-d060d878cccc'), UUID('50da5c82-cad4-446a-807c-44a35f92f434'), UUID('f85098df-7faa-4d2f-8e14-3a1753bd0fc6'), UUID('ed0529fb-b56c-4cd2-8791-1bebc160c02c'), UUID('7a85e039-0c52-414f-a48c-22ed88e73d1c'), UUID('2e9c47f8-18d1-4796-bf40-74750bbdc4cc'))
2026-07-14 16:21:13,473 INFO sqlalchemy.engine.Engine SELECT item_modifiers.menu_item_id AS item_modifiers_menu_item_id, item_modifiers.modifier_name AS item_modifiers_modifier_name, item_modifiers.extra_price AS item_modifiers_extra_price, item_modifiers.id AS item_modifiers_id, item_modifiers.created_at AS item_modifiers_created_at 
FROM item_modifiers 
WHERE item_modifiers.menu_item_id IN ($1::UUID, $2::UUID, $3::UUID, $4::UUID, $5::UUID, $6::UUID)
2026-07-14 16:21:13,473 INFO sqlalchemy.engine.Engine [caching disabled (excess depth for ORM loader options) 0.00033s ] (UUID('7c3ca612-9a09-4ae7-921d-d060d878cccc'), UUID('50da5c82-cad4-446a-807c-44a35f92f434'), UUID('f85098df-7faa-4d2f-8e14-3a1753bd0fc6'), UUID('ed0529fb-b56c-4cd2-8791-1bebc160c02c'), UUID('7a85e039-0c52-414f-a48c-22ed88e73d1c'), UUID('2e9c47f8-18d1-4796-bf40-74750bbdc4cc'))
2026-07-14 16:21:13,879 INFO sqlalchemy.engine.Engine ROLLBACK
INFO:     Application startup complete.
WARNING:  WatchFiles detected changes in 'app\modules\orders\service.py'. Reloading...
 INFO:     192.168.1.6:58644 - "WebSocket /ws/customer/N-8" [accepted]
INFO:     connection open
INFO:     192.168.1.6:58646 - "WebSocket /ws/waiter/0b8a8349-6144-41a8-b028-b9089bd8eaea" [accepted]
INFO:     192.168.1.6:58645 - "WebSocket /ws/waiter/0b8a8349-6144-41a8-b028-b9089bd8eaea" [accepted]
INFO:     connection open
INFO:     connection open
INFO:     Shutting down
INFO:     connection closed
INFO:     connection closed
INFO:     connection closed
INFO:     Waiting for application shutdown.
INFO:     Application shutdown complete.
INFO:     Finished server process [12724]
